**********************************************************************
*                                                                    *
*  SCREENED KKR POTENTIAL PREPARATION AND                            *
*  LATTICE VISUALIZATION UTILITY                                     *
 Hier koennte Ihre Versionsnummer stehen!
**********************************************************************
            Reading inputcard: calc/test/voro/inputcard.voro                                                   
 number of lines in inputcard:          96

 NSPIN 
   1
---+---------------------------------------------------------------------------
 NATYP 
   2
   Z lmx     KFG cls pot  MTFAC irns   MT      Size
---+---------------------------------------------------------------------------
 49.   1 208  2.0000  1.0000
  7.   2 208  2.0000  1.0000
---+---+-------+---+---+---+-------+---+---------------------------------------
 NO FP-Calc. Please ignore IRNS and NTCELL.These are dummy variables.
---+---------------------------------------------------------------------------
 lmax
   3
---+---------------------------------------------------------------------------
-----------+-----------+-----------+-------------------------------------------
------+------+------+------+---------------------------------------------------
------+------+------+----------------------------------------------------------
------+------+------+-----------+----------------------------------------------
 KSHAPE    IRM    INS
      0    353      0
------+------+------+------+------+--------------------------------------------
    KXC
      2
------+------+------+------+------+------+-------------------------------------
------+------+------+------+------+--------------------------------------------
------+------+------+------+---------------------------------------------------
------+------------------------------------------------------------------------
-----------+-------------------------------------------------------------------


                    non-spin polarized calculation
                      Vosko,Wilk,Nusair      exchange-correlation potential
 *******************************************************************************
    NAEZ    NEMB   NEMBZ
       2       0       0
-------+-------+-------+-------------------------------------------------------
 NZ    
   0
---+---------------------------------------------------------------------------
 Parameters Used for the cluster calculation
 Clusters inside spheres with radious R =    2.0000000000000000     
 RBASIS
     0.00000000     0.00000000     0.00000000     1
     1.41421356     1.41421356     1.41421356     2

---+--------------+--------------+--------------+------------------------------
 KAOEZ 
   1   2
---+---+---+---+---+---+---+---+---+---+---------------------------------------
         ABASIS         BBASIS         CBASIS
     1.00000000     1.00000000     1.00000000
---+---------------------------------------------------------------------------
          ALATC
     5.40000000
--------------+--------------+--------------+----------------------------------
---------+---------+---------+-------------------------------------------------
 I13="                                        "
 I19="                                        "
 /home/agHeiliger/shared/atomic-start-potentials/                                                    
 Parameter ........ tolerance NOT found
 Check your inputcard.
 Parameter ........ Verbosity NOT found
 Check your inputcard.
-------+-------+-------+-------------------------------------------------------
  >>>>>>>>> READINPUT EXITS NOW <<<<<<<<<< 
 True basis vectors (not normalized):
    0.00000000    2.70000000    2.70000000
    2.70000000    0.00000000    2.70000000
    2.70000000    2.70000000    0.00000000
 Reciprocal lattice vectors, in units 2pi/a:
   -1.00000000    1.00000000    1.00000000
    1.00000000   -1.00000000    1.00000000
    1.00000000    1.00000000   -1.00000000
  Before rrgen in lattix
 >>> RRGEN: generation of real space mesh rr(nr)
 r        :      8.72
 r**2     :     76.12
 n1,n2,n3 :   12   12   12
  9700 real space vectors created.
  After rrgen in lattix
 position of atoms in unit cell :
     0.00000000     0.00000000     0.00000000     1
     1.41421356     1.41421356     1.41421356     2
 Sum of Volumes:    0.25000000000000000     
 Size of WS-cell:   0.25000000000000000     
 Volume check OK.
  2 crystal sorts found:
  1  2
 Symmetries found for this lattice:  6
 1: ( 1)E          2: ( 5)C3delta    3: ( 9)C3delta-1  4: (44)IC2b      
 5: (46)IC2d       6: (48)IC2f      
 New structure (Cartesian coordinates):
   Z      X           Y           Z              Weight    MT radius
